MemTotal:       31985988 kB
MemFree:         1813564 kB
MemAvailable:   17630756 kB
Buffers:            6116 kB
Cached:         17376204 kB
SwapCached:            0 kB
Active:         18123684 kB
Inactive:        9848140 kB
Active(anon):   11989124 kB
Inactive(anon):     5188 kB
Active(file):    6134560 kB
Inactive(file):  9842952 kB
Unevictable:      159012 kB
Mlocked:            1376 kB
SwapTotal:      31985660 kB
SwapFree:       31985392 kB
Zswap:                 0 kB
Zswapped:              0 kB
Dirty:              4476 kB
Writeback:             4 kB
AnonPages:      10610296 kB
Mapped:          3674412 kB
Shmem:           1247508 kB
KReclaimable:     303712 kB
Slab:             599908 kB
SReclaimable:     303712 kB
SUnreclaim:       296196 kB
KernelStack:       35724 kB
PageTables:       128380 kB
SecPageTables:      5576 kB
NFS_Unstable:          0 kB
Bounce:                0 kB
WritebackTmp:          0 kB
CommitLimit:    47978652 kB
Committed_AS:   53234000 kB
VmallocTotal:   34359738367 kB
VmallocUsed:      374892 kB
VmallocChunk:          0 kB
Percpu:            18944 kB
HardwareCorrupted:     0 kB
AnonHugePages:   1820672 kB
ShmemHugePages:   501760 kB
ShmemPmdMapped:   425984 kB
FileHugePages:    569344 kB
FilePmdMapped:    274432 kB
CmaTotal:              0 kB
CmaFree:               0 kB
Unaccepted:            0 kB
Balloon:               0 kB
HugePages_Total:       0
HugePages_Free:        0
HugePages_Rsvd:        0
HugePages_Surp:        0
Hugepagesize:       2048 kB
Hugetlb:               0 kB
DirectMap4k:     3172868 kB
DirectMap2M:    22161408 kB
DirectMap1G:     8388608 kB
